{"synthetic": false,
 "schemaVersion": "2025-09-10",
 "outputs":
 {"o": ["ba5071e47db1300d.olean"],
  "m": false,
  "i": "13334183d5628015.ilean",
  "c": "78ebc149828cd873.c"},
 "log":
 [{"message":
   ".> LEAN_PATH=/Volumes/Drag0ndddd/JustinSunPrize_Proofs/jsp-000690-formalization/.lake/build/lib/lean /Users/qinzhao/.elan/toolchains/leanprover--lean4---v4.34.0/bin/lean /Volumes/Drag0ndddd/JustinSunPrize_Proofs/jsp-000690-formalization/JSP_000690.lean -o /Volumes/Drag0ndddd/JustinSunPrize_Proofs/jsp-000690-formalization/.lake/build/lib/lean/JSP_000690.olean -i /Volumes/Drag0ndddd/JustinSunPrize_Proofs/jsp-000690-formalization/.lake/build/lib/lean/JSP_000690.ilean -c /Volumes/Drag0ndddd/JustinSunPrize_Proofs/jsp-000690-formalization/.lake/build/ir/JSP_000690.c --setup /Volumes/Drag0ndddd/JustinSunPrize_Proofs/jsp-000690-formalization/.lake/build/ir/JSP_000690.setup.json --json",
   "level": "trace"},
  {"message":
   "JSP_000690.lean:148:0: 'JSP000690.jsp_000690_affirmative' depends on axioms: [propext, Quot.sound]",
   "level": "info"}],
 "inputs":
 [["deps",
   [["jsp_000690_formalization/JSP000690:extraDep",
     [["@jsp_000690_formalization:extraDep", "00000000000006bb"]]],
    ["imports", "00000000000006bb"]]],
  ["libs",
   [["import dynlibs", "00000000000006bb"],
    ["package external libraries", "00000000000006bb"],
    ["module dynlibs", "00000000000006bb"],
    ["module plugins", "00000000000006bb"]]],
  ["Lean 4.34.0, commit 293d5d0c0c3f3dded4688b3ccd6a33939ac5102b",
   "a1c6c7aa3e9abfe7"],
  ["/Volumes/Drag0ndddd/JustinSunPrize_Proofs/jsp-000690-formalization/JSP_000690.lean",
   "3b1c0fae29c9acdb"],
  ["options", "00000000000006bb"],
  ["isModule: false", "feefd2a0d3a1847e"],
  ["Module.name: JSP_000690", "cf5f219c776451c0"],
  ["Package.id?: (some jsp_000690_formalization)", "3ebf46902dfabacf"],
  ["Module.leanArgs: #[]", "00000000000006bb"]],
 "depHash": "207d28ab9bf9fea0"}